[(e7,79][(t2,59](a, anna)
(b5, 98)
(b, bernardo)
(d, dinis)
(e7, 79)
(f8, 4)
(h9, 11)
(i6, 38)
(k7, 64)
(l5, 27)
(t2, 59)
(u9, 9)
(v5, 9)
(w9, 40)
(x5, 98)
(y2, 8)
(y6, 99)
(y0, 94)
(z0, 60)
